United States of America, EPA PRZM5-VVWM Version  -1.000
 
Year Mo Dy         TPST1
1961  1  1               NaN
1961  1  2               NaN
1961  1  3               NaN
1961  1  4               NaN
1961  1  5               NaN
1961  1  6               NaN
1961  1  7               NaN
1961  1  8               NaN
1961  1  9               NaN
1961  1 10               NaN
1961  1 11               NaN
1961  1 12               NaN
1961  1 13               NaN
1961  1 14               NaN
1961  1 15               NaN
1961  1 16               NaN
1961  1 17               NaN
1961  1 18               NaN
1961  1 19               NaN
1961  1 20               NaN
1961  1 21               NaN
1961  1 22               NaN
1961  1 23               NaN
1961  1 24               NaN
1961  1 25               NaN
1961  1 26               NaN
1961  1 27               NaN
1961  1 28               NaN
1961  1 29               NaN
1961  1 30               NaN
1961  1 31               NaN
1961  2  1               NaN
1961  2  2               NaN
1961  2  3               NaN
1961  2  4               NaN
1961  2  5               NaN
1961  2  6               NaN
1961  2  7               NaN
1961  2  8               NaN
1961  2  9               NaN
1961  2 10               NaN
1961  2 11               NaN
1961  2 12               NaN
1961  2 13               NaN
1961  2 14               NaN
1961  2 15               NaN
1961  2 16               NaN
1961  2 17               NaN
1961  2 18               NaN
1961  2 19               NaN
1961  2 20               NaN
1961  2 21               NaN
1961  2 22               NaN
1961  2 23               NaN
1961  2 24               NaN
1961  2 25               NaN
1961  2 26               NaN
1961  2 27               NaN
1961  2 28               NaN
1961  3  1               NaN
1961  3  2               NaN
1961  3  3               NaN
1961  3  4               NaN
1961  3  5               NaN
1961  3  6               NaN
1961  3  7               NaN
1961  3  8               NaN
1961  3  9               NaN
1961  3 10               NaN
1961  3 11               NaN
1961  3 12               NaN
1961  3 13               NaN
1961  3 14               NaN
1961  3 15               NaN
1961  3 16               NaN
1961  3 17               NaN
1961  3 18               NaN
1961  3 19               NaN
1961  3 20               NaN
1961  3 21               NaN
1961  3 22               NaN
1961  3 23               NaN
1961  3 24               NaN
1961  3 25               NaN
1961  3 26               NaN
1961  3 27               NaN
1961  3 28               NaN
1961  3 29               NaN
1961  3 30               NaN
1961  3 31               NaN
1961  4  1               NaN
1961  4  2               NaN
1961  4  3               NaN
1961  4  4               NaN
1961  4  5               NaN
1961  4  6               NaN
1961  4  7               NaN
1961  4  8               NaN
1961  4  9               NaN
1961  4 10               NaN
1961  4 11               NaN
1961  4 12               NaN
1961  4 13               NaN
1961  4 14               NaN
1961  4 15               NaN
1961  4 16               NaN
1961  4 17               NaN
1961  4 18               NaN
1961  4 19               NaN
1961  4 20               NaN
1961  4 21               NaN
1961  4 22               NaN
1961  4 23               NaN
1961  4 24               NaN
1961  4 25               NaN
1961  4 26               NaN
1961  4 27               NaN
1961  4 28               NaN
1961  4 29               NaN
1961  4 30               NaN
1961  5  1               NaN
1961  5  2               NaN
1961  5  3               NaN
1961  5  4               NaN
1961  5  5               NaN
1961  5  6               NaN
1961  5  7               NaN
1961  5  8               NaN
1961  5  9               NaN
1961  5 10               NaN
1961  5 11               NaN
1961  5 12               NaN
1961  5 13               NaN
1961  5 14               NaN
1961  5 15               NaN
1961  5 16               NaN
1961  5 17               NaN
1961  5 18               NaN
1961  5 19               NaN
1961  5 20               NaN
1961  5 21               NaN
1961  5 22               NaN
1961  5 23               NaN
1961  5 24               NaN
1961  5 25               NaN
1961  5 26               NaN
1961  5 27               NaN
1961  5 28               NaN
1961  5 29               NaN
1961  5 30               NaN
1961  5 31               NaN
1961  6  1               NaN
1961  6  2               NaN
1961  6  3               NaN
1961  6  4               NaN
1961  6  5               NaN
1961  6  6               NaN
1961  6  7               NaN
1961  6  8               NaN
1961  6  9               NaN
1961  6 10               NaN
1961  6 11               NaN
1961  6 12               NaN
1961  6 13               NaN
1961  6 14               NaN
1961  6 15               NaN
1961  6 16               NaN
1961  6 17               NaN
1961  6 18               NaN
1961  6 19               NaN
1961  6 20               NaN
1961  6 21               NaN
1961  6 22               NaN
1961  6 23               NaN
1961  6 24               NaN
1961  6 25               NaN
1961  6 26               NaN
1961  6 27               NaN
1961  6 28               NaN
1961  6 29               NaN
1961  6 30               NaN
1961  7  1               NaN
1961  7  2               NaN
1961  7  3               NaN
1961  7  4               NaN
1961  7  5               NaN
1961  7  6               NaN
1961  7  7               NaN
1961  7  8               NaN
1961  7  9               NaN
1961  7 10               NaN
1961  7 11               NaN
1961  7 12               NaN
1961  7 13               NaN
1961  7 14               NaN
1961  7 15               NaN
1961  7 16               NaN
1961  7 17               NaN
1961  7 18               NaN
1961  7 19               NaN
1961  7 20               NaN
1961  7 21               NaN
1961  7 22               NaN
1961  7 23               NaN
1961  7 24               NaN
1961  7 25               NaN
1961  7 26               NaN
1961  7 27               NaN
1961  7 28               NaN
1961  7 29               NaN
1961  7 30               NaN
1961  7 31               NaN
1961  8  1               NaN
1961  8  2               NaN
1961  8  3               NaN
1961  8  4               NaN
1961  8  5               NaN
1961  8  6               NaN
1961  8  7               NaN
1961  8  8               NaN
1961  8  9               NaN
1961  8 10               NaN
1961  8 11               NaN
1961  8 12               NaN
1961  8 13               NaN
1961  8 14               NaN
1961  8 15               NaN
1961  8 16               NaN
1961  8 17               NaN
1961  8 18               NaN
1961  8 19               NaN
1961  8 20               NaN
1961  8 21               NaN
1961  8 22               NaN
1961  8 23               NaN
1961  8 24               NaN
1961  8 25               NaN
1961  8 26               NaN
1961  8 27               NaN
1961  8 28               NaN
1961  8 29               NaN
1961  8 30               NaN
1961  8 31               NaN
1961  9  1               NaN
1961  9  2               NaN
1961  9  3               NaN
1961  9  4               NaN
1961  9  5               NaN
1961  9  6               NaN
1961  9  7               NaN
1961  9  8               NaN
1961  9  9               NaN
1961  9 10               NaN
1961  9 11               NaN
1961  9 12               NaN
1961  9 13               NaN
1961  9 14               NaN
1961  9 15               NaN
1961  9 16               NaN
1961  9 17               NaN
1961  9 18               NaN
1961  9 19               NaN
1961  9 20               NaN
1961  9 21               NaN
1961  9 22               NaN
1961  9 23               NaN
1961  9 24               NaN
1961  9 25               NaN
1961  9 26               NaN
1961  9 27               NaN
1961  9 28               NaN
1961  9 29               NaN
1961  9 30               NaN
1961 10  1               NaN
1961 10  2               NaN
1961 10  3               NaN
1961 10  4               NaN
1961 10  5               NaN
1961 10  6               NaN
1961 10  7               NaN
1961 10  8               NaN
1961 10  9               NaN
1961 10 10               NaN
1961 10 11               NaN
1961 10 12               NaN
1961 10 13               NaN
1961 10 14               NaN
1961 10 15               NaN
1961 10 16               NaN
1961 10 17               NaN
1961 10 18               NaN
1961 10 19               NaN
1961 10 20               NaN
1961 10 21               NaN
1961 10 22               NaN
1961 10 23               NaN
1961 10 24               NaN
1961 10 25               NaN
1961 10 26               NaN
1961 10 27               NaN
1961 10 28               NaN
1961 10 29               NaN
1961 10 30               NaN
1961 10 31               NaN
1961 11  1               NaN
1961 11  2               NaN
1961 11  3               NaN
1961 11  4               NaN
1961 11  5               NaN
1961 11  6               NaN
1961 11  7               NaN
1961 11  8               NaN
1961 11  9               NaN
1961 11 10               NaN
1961 11 11               NaN
1961 11 12               NaN
1961 11 13               NaN
1961 11 14               NaN
1961 11 15               NaN
1961 11 16               NaN
1961 11 17               NaN
1961 11 18               NaN
1961 11 19               NaN
1961 11 20               NaN
1961 11 21               NaN
1961 11 22               NaN
1961 11 23               NaN
1961 11 24               NaN
1961 11 25               NaN
1961 11 26               NaN
1961 11 27               NaN
1961 11 28               NaN
1961 11 29               NaN
1961 11 30               NaN
1961 12  1               NaN
1961 12  2               NaN
1961 12  3               NaN
1961 12  4               NaN
1961 12  5               NaN
1961 12  6               NaN
1961 12  7               NaN
1961 12  8               NaN
1961 12  9               NaN
1961 12 10               NaN
1961 12 11               NaN
1961 12 12               NaN
1961 12 13               NaN
1961 12 14               NaN
1961 12 15               NaN
1961 12 16               NaN
1961 12 17               NaN
1961 12 18               NaN
1961 12 19               NaN
1961 12 20               NaN
1961 12 21               NaN
1961 12 22               NaN
1961 12 23               NaN
1961 12 24               NaN
1961 12 25               NaN
1961 12 26               NaN
1961 12 27               NaN
1961 12 28               NaN
1961 12 29               NaN
1961 12 30               NaN
1961 12 31               NaN
